// Vitest Snapshot v1, https://vitest.dev/guide/snapshot.html

exports[`SignIn > matches snapshot 1`] = `<DocumentFragment />`;
