// Vitest Snapshot v1, https://vitest.dev/guide/snapshot.html

exports[`NavBar > matches snapshot 1`] = `
<DocumentFragment>
  <div>
    <header
      class="MuiPaper-root MuiPaper-elevation MuiPaper-elevation4 MuiAppBar-root MuiAppBar-colorPrimary MuiAppBar-positionSticky css-7e0s21-MuiPaper-root-MuiAppBar-root"
    >
      <div
        class="MuiToolbar-root MuiToolbar-gutters MuiToolbar-regular css-hyum1k-MuiToolbar-root"
      >
        <svg
          aria-hidden="true"
          class="MuiSvgIcon-root MuiSvgIcon-fontSizeMedium css-i4bv87-MuiSvgIcon-root"
          data-testid="PushPinIcon"
          focusable="false"
          viewBox="0 0 24 24"
        >
          <path
            d="M16 9V4h1c.55 0 1-.45 1-1s-.45-1-1-1H7c-.55 0-1 .45-1 1s.45 1 1 1h1v5c0 1.66-1.34 3-3 3v2h5.97v7l1 1 1-1v-7H19v-2c-1.66 0-3-1.34-3-3"
            fill-rule="evenodd"
          />
        </svg>
         
        <div
          class="MuiTypography-root MuiTypography-h6 css-1juivf6-MuiTypography-root"
        >
          Pin the Park
        </div>
        <button
          class="MuiButtonBase-root MuiButton-root MuiButton-text MuiButton-textInherit MuiButton-sizeMedium MuiButton-textSizeMedium MuiButton-colorInherit MuiButton-root MuiButton-text MuiButton-textInherit MuiButton-sizeMedium MuiButton-textSizeMedium MuiButton-colorInherit css-1y942vo-MuiButtonBase-root-MuiButton-root"
          tabindex="0"
          type="button"
        >
          Login
          <span
            class="MuiTouchRipple-root css-8je8zh-MuiTouchRipple-root"
          />
        </button>
        <button
          class="MuiButtonBase-root MuiButton-root MuiButton-text MuiButton-textInherit MuiButton-sizeMedium MuiButton-textSizeMedium MuiButton-colorInherit MuiButton-root MuiButton-text MuiButton-textInherit MuiButton-sizeMedium MuiButton-textSizeMedium MuiButton-colorInherit css-1y942vo-MuiButtonBase-root-MuiButton-root"
          tabindex="0"
          type="button"
        >
          Register
          <span
            class="MuiTouchRipple-root css-8je8zh-MuiTouchRipple-root"
          />
        </button>
      </div>
    </header>
  </div>
</DocumentFragment>
`;
