// Vitest Snapshot v1, https://vitest.dev/guide/snapshot.html

exports[`Register > matches snapshot 1`] = `<DocumentFragment />`;
